// Jest Snapshot v1, https://goo.gl/fbAQLP

exports[`@nx/storybook:init dependencies for package.json should add angular related dependencies when using Angular as uiFramework 1`] = `
{
  "dependencies": {
    "existing": "1.0.0",
  },
  "devDependencies": {
    "@angular/forms": "*",
    "@nx/js": "0.0.1",
    "@nx/storybook": "^6.5.15",
    "@storybook/addon-essentials": "^6.5.15",
    "@storybook/angular": "^6.5.15",
    "@storybook/builder-webpack5": "^6.5.15",
    "@storybook/core-server": "^6.5.15",
    "@storybook/manager-webpack5": "^6.5.15",
    "existing": "1.0.0",
    "html-webpack-plugin": "^5.5.0",
    "prettier": "^2.6.2",
    "typescript": "~5.0.2",
    "webpack": "^5.64.0",
  },
  "name": "test-name",
}
`;
