// Jest Snapshot v1, https://goo.gl/fbAQLP

exports[`@nx/vite:init dependencies for package.json should add vite packages and react-related dependencies for vite 1`] = `
{
  "dependencies": {
    "existing": "1.0.0",
  },
  "devDependencies": {
    "@nx/js": "0.0.1",
    "@nx/vite": "0.0.1",
    "@vitejs/plugin-react": "^3.0.0",
    "@vitest/ui": "^0.25.8",
    "existing": "1.0.0",
    "jsdom": "~20.0.3",
    "prettier": "^2.6.2",
    "typescript": "~5.0.2",
    "vite": "^4.0.1",
    "vite-plugin-eslint": "^1.8.1",
    "vite-tsconfig-paths": "^4.0.2",
    "vitest": "^0.25.8",
  },
  "name": "test-name",
}
`;
